/go/src/app/main.go:18:2: exported var Version should have comment or be unexported
#20 5.947 /go/src/app/clusters/clouds/aks/access/cluster_access.go:33:6: exported type AksClusterAccess should have comment or be unexported
#20 5.947 /go/src/app/clusters/clouds/aks/access/cluster_access.go:57:1: exported method AksClusterAccess.CreateCluster should have comment or be unexported
#20 5.947 /go/src/app/clusters/clouds/aks/access/cluster_access.go:154:1: exported method AksClusterAccess.ListClusters should have comment or be unexported
#20 5.947 /go/src/app/clusters/clouds/aks/access/cluster_access.go:157:17: don't use underscores in Go names; var err_ should be err
#20 6.057 /go/src/app/clusters/clouds/aks/access/config/config_from_env.go:50:1: comment on exported function DefaultLocation should be of the form "DefaultLocation ..."
#20 6.057 /go/src/app/clusters/clouds/aks/access/config/config_from_env.go:58:1: exported function SetBaseGroupName should have comment or be unexported
#20 6.057 /go/src/app/clusters/clouds/aks/access/config/config_from_env.go:62:1: comment on exported function BaseGroupName should be of the form "BaseGroupName ..."
#20 6.057 /go/src/app/clusters/clouds/aks/access/config/config_from_env.go:67:1: comment on exported function KeepResources should be of the form "KeepResources ..."
#20 6.057 /go/src/app/clusters/clouds/aks/access/config/config_from_env.go:72:1: comment on exported function UserAgent should be of the form "UserAgent ..."
#20 6.057 /go/src/app/clusters/clouds/aks/access/config/config_from_env.go:80:1: comment on exported function Environment should be of the form "Environment ..."
#20 6.263 /go/src/app/clusters/clouds/aks/transform/transform.go:15:6: exported type AksTransformer should have comment or be unexported
#20 6.263 /go/src/app/clusters/clouds/aks/transform/transform.go:17:1: exported method AksTransformer.CloudToHub should have comment or be unexported
#20 6.263 /go/src/app/clusters/clouds/aks/transform/transform.go:33:1: exported method AksTransformer.HubToCloud should have comment or be unexported
#20 6.263 /go/src/app/clusters/clouds/aks/transform/transform.go:43:1: exported method AksTransformer.LocationCloudToHub should have comment or be unexported
#20 6.263 /go/src/app/clusters/clouds/aks/transform/transform.go:99:1: exported method AksTransformer.LocationHubToCloud should have comment or be unexported
#20 6.392 /go/src/app/clusters/clouds/eks/access/eks_cluster_access.go:14:6: exported type EksClusterAccess should have comment or be unexported
#20 6.392 /go/src/app/clusters/clouds/eks/access/eks_cluster_access.go:17:1: exported method EksClusterAccess.CreateCluster should have comment or be unexported
#20 6.392 /go/src/app/clusters/clouds/eks/access/eks_cluster_access.go:20:1: exported method EksClusterAccess.DescribeCluster should have comment or be unexported
#20 6.392 /go/src/app/clusters/clouds/eks/access/eks_cluster_access.go:38:1: exported method EksClusterAccess.ListClusters should have comment or be unexported
#20 6.392 /go/src/app/clusters/clouds/eks/access/eks_cluster_access.go:47:20: don't use underscores in Go names; var err_ should be err
#20 6.584 /go/src/app/clusters/clouds/gke/access/cluster_access.go:12:6: exported type GkeClusterAccess should have comment or be unexported
